( IT's NOT CHEATING)
(NOT SCAM)
I personally tested sites
First 25 people how
promo code
FREE $100!!
FREE 5 $!!!
FREE KNIFE!
FREE EXPENSIVE SKINS
FREE 5$ AT FARMSKINS COM
FREE OPEN RANDOM CASE!!!!
WITH CODE
steamcommunity.com/groups/
steamcommunity.com/tradeoffer/
discord.gg/
trade4real.fun
shark-case.com
SkinsCasino.com
skins3x.com
time4swap.com
csgonagic.com
pretty-dragons.com
csgoguncase.com
csgopolygon .com
code for $2
code - inj3ct0r
dhack.xyz
csgoguncase
challengermode.com
BARONE10
……..../ . O . . O . .'\ : : : : : : |
1 random skin
freecases site
FREE!
feel free to add
RUS:
ENG: Copy&Paste
KNIFE!
FREE 5$
FREE 10$
.org
🔴🔴🔴🔴🔴🔴⚪⚪⚪🔴🔴🔴🔴🔴🔴
I Am Selling Level Up Bot
eorwuvherubv9w8fhb9ae8rfh9aer8hfare
+rep Screm Mübarek <3
comment at my profile is " +rep
Copy & Paste one of these OR write whatever you want and I will do the same
..._„„„„¸_...…………………………._¸„„„„_
first 15 people +rep in my profile i give a key
twitch.tv/
Продаю / покупаю ключи за реал
CASE GIVEAWAY
🏻🏼🏽🏾🏿🏻🏼🏻🏼🏽🏾🏿
█████░░░░██████████████
skins10x.com
SUPER GIVEAWAY FOR ALL
vipcase.fun
The first 7 people who will write on the wall +rep
First 21 nice comments on my profile will get random dota
First 20 people will +rep in my profile will recieve 5$
Bir tanesini seç ve profilime yaz, aynısını sana yazacağım...
c s g o 500
