( IT's NOT CHEATING)
(NOT SCAM)
I personally tested sites
First 25 people how
FIRST 20 PEOPLES WHO
PL: Wybierz jeden z komentarzy
promo code
code:whykirysha
FREE $100!!
FREE 5 $!!!
FIRST 20 PPL TO SPAM MY PROFILE
free 5$
FREE KNIFE!
GET FREE 3$
FREE EXPENSIVE SKINS
FREE 5$ AT FARMSKINS COM
FREE OPEN RANDOM CASE!!!!
WITH CODE
steamcommunity.com/groups/
steamcommunity.com/tradeoffer/
discord.gg/
trade4real.fun
shark-case.com
SkinsCasino.com
skins3x.com
time4swap.com
csgonagic.com
bskn.co
pretty-dragons.com
skins-flips.kl.com.ua
howlskin.com
SITE: 
csgoguncase.com
csgopolygon .com
skinsjackpots.net
code for $2
code - inj3ct0r
dhack.xyz
zxtrades
ROYAL-DOUBLE
csgoguncase
challengermode.com
BARONE10
……..../ . O . . O . .'\ : : : : : : |
1 random skin
freecases site
FREE!
feel free to add
RUS:
RUS: Напишите что-то
ENG: Copy&Paste
KNIFE!
FREE 5$
FREE 10$
t.cn
.org
🔴🔴🔴🔴🔴🔴⚪⚪⚪🔴🔴🔴🔴🔴🔴
I Am Selling Level Up Bot
eorwuvherubv9w8fhb9ae8rfh9aer8hfare
+rep Screm Mübarek <3
comment at my profile is " +rep
Copy & Paste one of these OR write whatever you want and I will do the same
..._„„„„¸_...…………………………._¸„„„„_
first 15 people +rep in my profile i give a key
twitch.tv/
Продаю / покупаю ключи за реал
+rep for +rep
+rep Good player
Хочешь заработать
CASE GIVEAWAY
🏻🏼🏽🏾🏿🏻🏼🏻🏼🏽🏾🏿
█████░░░░██████████████
skins10x.com
SUPER GIVEAWAY FOR ALL
vipcase.fun
The first 7 people who will write on the wall +rep
First 21 nice comments on my profile will get random dota
First 20 people will +rep in my profile will recieve 5$
Bir tanesini seç ve profilime yaz, aynısını sana yazacağım...
c s g o 500
FREE EZ SKINS
groups/AWPMasta
очко кентавра 3 minutes ago  
hongbin.ru
https://steamcommunity.com/id/Joseiithoo
vezu33.ru
id=1550225113
